matching_id	pmid	title	journal	journal_short	year	month	day	section	subsection	role	predictprob	cancer_id	cancer_normalized	gene_hugo_id	gene_entrez_id	gene_normalized	sentence	formatted_sentence
ad06a8e196876ea092ce6c8c53790fc9	28714950	Tid1-S regulates the mitochondrial localization of EGFR in non-small cell lung carcinoma.	Oncogenesis	Oncogenesis	2017	7	17	abstract	None	Oncogene	0.9380191281260131	DOID:3908	non-small cell lung carcinoma	HGNC:3236	1956	EGFR	The epidermal growth factor receptor (EGFR) is the major driver of non-small cell lung carcinoma (NSCLC).	The <b>epidermal growth factor receptor (EGFR)</b> is the major driver of <b>non-small cell lung carcinoma (NSCLC)</b>.
d2e0feaeb926fb89908a23a43d16e46a	28714950	Tid1-S regulates the mitochondrial localization of EGFR in non-small cell lung carcinoma.	Oncogenesis	Oncogenesis	2017	7	17	abstract	None	Driver	0.8054731365505327	DOID:3908	non-small cell lung carcinoma	HGNC:3236	1956	EGFR	The epidermal growth factor receptor (EGFR) is the major driver of non-small cell lung carcinoma (NSCLC).	The <b>epidermal growth factor receptor (EGFR)</b> is the major driver of <b>non-small cell lung carcinoma (NSCLC)</b>.
